src/App.tsx(1,17): error TS6133: 'useEffect' is declared but its value is never read.
src/components/ErrorBoundary.tsx(1,8): error TS6133: 'React' is declared but its value is never read.
src/pages/CropRecommendations.tsx(287,14): error TS6133: 'language' is declared but its value is never read.
src/pages/DataEntryForm.tsx(130,10): error TS6133: 'error' is declared but its value is never read.
src/pages/DataEntryForm.tsx(229,14): error TS6133: 'data' is declared but its value is never read.
src/pages/WeatherForecast_new.tsx(1,41): error TS6133: 'useRef' is declared but its value is never read.
src/pages/WeatherForecast_new.tsx(3,42): error TS6133: 'MdGrain' is declared but its value is never read.
src/pages/WeatherForecast_new.tsx(4,16): error TS6133: 'MdEco' is declared but its value is never read.
src/pages/WeatherForecast_new.tsx(4,23): error TS6133: 'MdAir' is declared but its value is never read.
src/pages/WeatherForecast_new.tsx(4,30): error TS6133: 'MdVisibility' is declared but its value is never read.
src/pages/WeatherForecast_new.tsx(5,5): error TS6133: 'MdEdit' is declared but its value is never read.
src/pages/WeatherForecast_new.tsx(137,23): error TS6133: 't' is declared but its value is never read.
src/services/imagePicker.ts(20,41): error TS6133: 'options' is declared but its value is never read.
src/services/imagePicker.ts(62,47): error TS6133: 'options' is declared but its value is never read.
