src/pages/WeatherForecast_new.tsx(102,71): error TS1127: Invalid character.
src/pages/WeatherForecast_new.tsx(102,189): error TS1381: Unexpected token. Did you mean `{'}'}` or `&rbrace;`?
src/pages/WeatherForecast_new.tsx(102,190): error TS1381: Unexpected token. Did you mean `{'}'}` or `&rbrace;`?
src/pages/WeatherForecast_new.tsx(102,193): error TS1382: Unexpected token. Did you mean `{'>'}` or `&gt;`?
src/pages/WeatherForecast_new.tsx(103,19): error TS1381: Unexpected token. Did you mean `{'}'}` or `&rbrace;`?
src/pages/WeatherForecast_new.tsx(132,27): error TS1127: Invalid character.
src/pages/WeatherForecast_new.tsx(132,28): error TS1136: Property assignment expected.
src/pages/WeatherForecast_new.tsx(609,1): error TS1160: Unterminated template literal.
